// Jest Snapshot v1, https://goo.gl/fbAQLP

exports[`comments should work 1`] = `

-> // This is a line comment
 | ^^ punctuation.definition.comment.line.go  comment.line.go
 |   ^^^^^^^^^^^^^^^^^^^^^^^ comment.line.go
-> /*
 | ^^ punctuation.definition.comment.block.begin.go  comment.block.go
-> This is a block comment
 | ^^^^^^^^^^^^^^^^^^^^^^^^ comment.block.go
-> */
 | ^^ punctuation.definition.comment.block.end.go  comment.block.go
-> 
`;
